> Task :app:checkKotlinGradlePluginConfigurationErrors
> Task :app:preBuild UP-TO-DATE
> Task :app:preReleaseBuild UP-TO-DATE
> Task :app:dataBindingMergeDependencyArtifactsRelease UP-TO-DATE
> Task :app:generateReleaseResValues UP-TO-DATE
> Task :app:generateReleaseResources UP-TO-DATE
> Task :app:mergeReleaseResources UP-TO-DATE
> Task :app:packageReleaseResources UP-TO-DATE
> Task :app:parseReleaseLocalResources UP-TO-DATE
> Task :app:dataBindingGenBaseClassesRelease UP-TO-DATE
> Task :app:generateReleaseBuildConfig UP-TO-DATE
> Task :app:checkReleaseAarMetadata UP-TO-DATE
> Task :app:mapReleaseSourceSetPaths UP-TO-DATE
> Task :app:createReleaseCompatibleScreenManifests UP-TO-DATE
> Task :app:extractDeepLinksRelease UP-TO-DATE
> Task :app:processReleaseMainManifest UP-TO-DATE
> Task :app:processReleaseManifest UP-TO-DATE
> Task :app:processReleaseManifestForPackage UP-TO-DATE
> Task :app:processReleaseResources UP-TO-DATE
> Task :app:compileReleaseKotlin
w: file:///C:/Users/msn/Documents/SuperDL-Android/app/src/main/kotlin/com/superdl/launcher/MainActivity.kt:2893:47 There is more than one label with such a name in this scope
w: file:///C:/Users/msn/Documents/SuperDL-Android/app/src/main/kotlin/com/superdl/launcher/MainActivity.kt:12725:58 Parameter 'items' is never used
w: file:///C:/Users/msn/Documents/SuperDL-Android/app/src/main/kotlin/com/superdl/launcher/MainActivity.kt:14020:40 Parameter 'saved' is never used
w: file:///C:/Users/msn/Documents/SuperDL-Android/app/src/main/kotlin/com/superdl/launcher/camera/FaceCameraActivity.kt:493:35 Parameter 't' is never used
w: file:///C:/Users/msn/Documents/SuperDL-Android/app/src/main/kotlin/com/superdl/launcher/feedback/ToggleAnnouncement.kt:37:29 'isBlockPrivateEnabled(Context): Boolean' is deprecated. Use getMode()

BUILD SUCCESSFUL in 57s
18 actionable tasks: 2 executed, 16 up-to-date
