> Task :app:checkKotlinGradlePluginConfigurationErrors
> Task :app:preBuild UP-TO-DATE
> Task :app:preDebugBuild UP-TO-DATE
> Task :app:dataBindingMergeDependencyArtifactsDebug UP-TO-DATE
> Task :app:generateDebugResValues UP-TO-DATE
> Task :app:generateDebugResources UP-TO-DATE
> Task :app:packageDebugResources UP-TO-DATE
> Task :app:parseDebugLocalResources UP-TO-DATE
> Task :app:generateDebugBuildConfig
> Task :app:mapDebugSourceSetPaths
> Task :app:checkDebugAarMetadata
> Task :app:createDebugCompatibleScreenManifests
> Task :app:extractDeepLinksDebug UP-TO-DATE
> Task :app:mergeDebugResources

> Task :app:processDebugMainManifest
[org.tensorflow:tensorflow-lite:2.14.0] C:\Users\msn\.gradle\caches\transforms-4\c95538ec91e8c9f9084662cefdeda6fb\transformed\tensorflow-lite-2.14.0\AndroidManifest.xml Warning:
	Namespace 'org.tensorflow.lite' is used in multiple modules and/or libraries: org.tensorflow:tensorflow-lite:2.14.0, org.tensorflow:tensorflow-lite-api:2.14.0. Please ensure that all modules and libraries have a unique namespace. For more information, See https://developer.android.com/studio/build/configure-app-module#set-namespace
[org.tensorflow:tensorflow-lite-support:0.4.4] C:\Users\msn\.gradle\caches\transforms-4\966516e686acb0694f1e15ba8209aa52\transformed\tensorflow-lite-support-0.4.4\AndroidManifest.xml Warning:
	Namespace 'org.tensorflow.lite.support' is used in multiple modules and/or libraries: org.tensorflow:tensorflow-lite-support:0.4.4, org.tensorflow:tensorflow-lite-support-api:0.4.4. Please ensure that all modules and libraries have a unique namespace. For more information, See https://developer.android.com/studio/build/configure-app-module#set-namespace

> Task :app:dataBindingGenBaseClassesDebug
> Task :app:processDebugManifest
> Task :app:processDebugManifestForPackage
> Task :app:processDebugResources
> Task :app:compileDebugKotlin
w: file:///C:/Users/msn/Documents/SuperDL-Android/app/src/main/kotlin/com/superdl/launcher/MainActivity.kt:2750:47 There is more than one label with such a name in this scope
w: file:///C:/Users/msn/Documents/SuperDL-Android/app/src/main/kotlin/com/superdl/launcher/MainActivity.kt:12118:58 Parameter 'items' is never used
w: file:///C:/Users/msn/Documents/SuperDL-Android/app/src/main/kotlin/com/superdl/launcher/MainActivity.kt:13413:40 Parameter 'saved' is never used
w: file:///C:/Users/msn/Documents/SuperDL-Android/app/src/main/kotlin/com/superdl/launcher/book/AudiobookPlayerActivity.kt:177:29 Parameter 'announce' is never used
w: file:///C:/Users/msn/Documents/SuperDL-Android/app/src/main/kotlin/com/superdl/launcher/camera/FaceCameraActivity.kt:432:35 Parameter 't' is never used
w: file:///C:/Users/msn/Documents/SuperDL-Android/app/src/main/kotlin/com/superdl/launcher/currency/CurrencyRecognizerActivity.kt:238:15 'onRequestPermissionsResult(Int, Array<(out) String!>, IntArray): Unit' is deprecated. Deprecated in Java
w: file:///C:/Users/msn/Documents/SuperDL-Android/app/src/main/kotlin/com/superdl/launcher/files/FileManagerActivity.kt:662:27 Parameter 'dir' is never used
w: file:///C:/Users/msn/Documents/SuperDL-Android/app/src/main/kotlin/com/superdl/launcher/games/millebornes/MilleBornesActivity.kt:209:13 'when' is exhaustive so 'else' is redundant here
w: file:///C:/Users/msn/Documents/SuperDL-Android/app/src/main/kotlin/com/superdl/launcher/hearingaid/HearingAidActivity.kt:116:30 Variable 'field' is never used
w: file:///C:/Users/msn/Documents/SuperDL-Android/app/src/main/kotlin/com/superdl/launcher/music/MusicPlayerActivity.kt:458:28 Parameter 'manual' is never used
w: file:///C:/Users/msn/Documents/SuperDL-Android/app/src/main/kotlin/com/superdl/launcher/radio/RadioPlayerActivity.kt:454:26 'setter for systemUiVisibility: Int' is deprecated. Deprecated in Java
w: file:///C:/Users/msn/Documents/SuperDL-Android/app/src/main/kotlin/com/superdl/launcher/radio/RadioPlayerActivity.kt:455:32 'SYSTEM_UI_FLAG_HIDE_NAVIGATION: Int' is deprecated. Deprecated in Java
w: file:///C:/Users/msn/Documents/SuperDL-Android/app/src/main/kotlin/com/superdl/launcher/radio/RadioPlayerActivity.kt:456:38 'SYSTEM_UI_FLAG_IMMERSIVE_STICKY: Int' is deprecated. Deprecated in Java
w: file:///C:/Users/msn/Documents/SuperDL-Android/app/src/main/kotlin/com/superdl/launcher/radio/RadioPlayerActivity.kt:457:38 'SYSTEM_UI_FLAG_FULLSCREEN: Int' is deprecated. Deprecated in Java

BUILD SUCCESSFUL in 1m 31s
18 actionable tasks: 12 executed, 6 up-to-date
KESZ exit=0
